// Vitest Snapshot v1, https://vitest.dev/guide/snapshot.html

exports[`snapshot of every formatter > is stable 1`] = `
[
  {
    "gbp": "—",
    "kw": "—",
    "kwh": "—",
    "kwhTable": "—",
    "pence": "—",
    "percent": "—",
    "usd": "—",
    "v": null,
  },
  {
    "gbp": "£0.00",
    "kw": "0.0 kW",
    "kwh": "0.0 kWh",
    "kwhTable": "0.00 kWh",
    "pence": "0p/kWh",
    "percent": "0%",
    "usd": "$0.00",
    "v": 0,
  },
  {
    "gbp": "£0.00",
    "kw": "0.00 kW",
    "kwh": "0.0 kWh",
    "kwhTable": "0.00 kWh",
    "pence": "0p/kWh",
    "percent": "0%",
    "usd": "$0.004",
    "v": 0.004,
  },
  {
    "gbp": "£1.01",
    "kw": "1.0 kW",
    "kwh": "1.0 kWh",
    "kwhTable": "1.01 kWh",
    "pence": "1.01p/kWh",
    "percent": "1%",
    "usd": "$1.01",
    "v": 1.005,
  },
  {
    "gbp": "−£2.50",
    "kw": "−2.5 kW",
    "kwh": "−2.5 kWh",
    "kwhTable": "−2.50 kWh",
    "pence": "−2.5p/kWh",
    "percent": "−3%",
    "usd": "−$2.50",
    "v": -2.5,
  },
  {
    "gbp": "£12.35",
    "kw": "12.3 kW",
    "kwh": "12.3 kWh",
    "kwhTable": "12.35 kWh",
    "pence": "12.35p/kWh",
    "percent": "12%",
    "usd": "$12.35",
    "v": 12.345,
  },
  {
    "gbp": "£94,317.69",
    "kw": "94,317.7 kW",
    "kwh": "94,317.7 kWh",
    "kwhTable": "94,317.69 kWh",
    "pence": "94,317.69p/kWh",
    "percent": "94,318%",
    "usd": "$94,317.69",
    "v": 94317.69,
  },
]
`;
